---
source: crates/hub-claude/tests/replay.rs
assertion_line: 43
expression: events
---
[
    SessionStarted(
        SessionId(
            "94a6d47b-ca1f-4dfc-b920-52e078dd4a1f",
        ),
    ),
    AssistantText(
        "Blue",
    ),
    Finished(
        Finished {
            session: SessionId(
                "94a6d47b-ca1f-4dfc-b920-52e078dd4a1f",
            ),
            usage: Claude {
                turns: 2,
                cost: Some(
                    0.0281337,
                ),
            },
            background: 0,
        },
    ),
]
